#!MC 1410
$!CreateColorMap 
  Name = 'aero'
  NumControlPoints = 50
  ControlPoint 1
    {
    ColorMapFraction = 0.00
    LeadRGB
      {
      R = 41
      G = 62
      B = 154
      }
    TrailRGB
      {
      R = 41
      G = 62
      B = 154
      }
    }
  ControlPoint 2
    {
    ColorMapFraction = 0.02
    LeadRGB
      {
      R = 50
      G = 74
      B = 161
      }
    TrailRGB
      {
      R = 50
      G = 74
      B = 161
      }
    }
  ControlPoint 3
    {
    ColorMapFraction = 0.04
    LeadRGB
      {
      R = 55
      G = 80
      B = 165
      }
    TrailRGB
      {
      R = 55
      G = 80
      B = 165
      }
    }
  ControlPoint 4
    {
    ColorMapFraction = 0.08
    LeadRGB
      {
      R = 60
      G = 87
      B = 169
      }
    TrailRGB
      {
      R = 60
      G = 87
      B = 169
      }
    }
  ControlPoint 5
    {
    ColorMapFraction = 0.10
    LeadRGB
      {
      R = 64
      G = 106
      B = 181
      }
    TrailRGB
      {
      R = 64
      G = 106
      B = 181
      }
    }
  ControlPoint 6
    {
    ColorMapFraction = 0.12
    LeadRGB
      {
      R = 67
      G = 128
      B = 195
      }
    TrailRGB
      {
      R = 67
      G = 128
      B = 195
      }
    }
  ControlPoint 7
    {
    ColorMapFraction = 0.14
    LeadRGB
      {
      R = 70
      G = 151
      B = 209
      }
    TrailRGB
      {
      R = 70
      G = 151
      B = 209
      }
    }
  ControlPoint 8
    {
    ColorMapFraction = 0.16
    LeadRGB
      {
      R = 77
      G = 175
      B = 225
      }
    TrailRGB
      {
      R = 77
      G = 175
      B = 225
      }
    }
  ControlPoint 9
    {
    ColorMapFraction = 0.18
    LeadRGB
      {
      R = 84
      G = 198
      B = 238
      }
    TrailRGB
      {
      R = 84
      G = 198
      B = 238
      }
    }
  ControlPoint 10
    {
    ColorMapFraction = 0.20
    LeadRGB
      {
      R = 89
      G = 197
      B = 223
      }
    TrailRGB
      {
      R = 89
      G = 197
      B = 223
      }
    }
  ControlPoint 11
    {
    ColorMapFraction = 0.22
    LeadRGB
      {
      R = 93
      G = 196
      B = 209
      }
    TrailRGB
      {
      R = 93
      G = 196
      B = 209
      }
    }
  ControlPoint 12
    {
    ColorMapFraction = 0.24
    LeadRGB
      {
      R = 101
      G = 194
      B = 181
      }
    TrailRGB
      {
      R = 101
      G = 194
      B = 181
      }
    }
  ControlPoint 13
    {
    ColorMapFraction = 0.26
    LeadRGB
      {
      R = 104
      G = 194
      B = 154
      }
    TrailRGB
      {
      R = 104
      G = 194
      B = 154
      }
    }
  ControlPoint 14
    {
    ColorMapFraction = 0.28
    LeadRGB
      {
      R = 105
      G = 195
      B = 126
      }
    TrailRGB
      {
      R = 105
      G = 195
      B = 126
      }
    }
  ControlPoint 15
    {
    ColorMapFraction = 0.30
    LeadRGB
      {
      R = 105
      G = 194
      B = 101
      }
    TrailRGB
      {
      R = 105
      G = 194
      B = 101
      }
    }
  ControlPoint 16
    {
    ColorMapFraction = 0.32
    LeadRGB
      {
      R = 105
      G = 191
      B = 83
      }
    TrailRGB
      {
      R = 105
      G = 191
      B = 83
      }
    }
  ControlPoint 17
    {
    ColorMapFraction = 0.34
    LeadRGB
      {
      R = 109
      G = 187
      B = 69
      }
    TrailRGB
      {
      R = 109
      G = 187
      B = 69
      }
    }
  ControlPoint 18
    {
    ColorMapFraction = 0.36
    LeadRGB
      {
      R = 106
      G = 188
      B = 68
      }
    TrailRGB
      {
      R = 106
      G = 188
      B = 68
      }
    }
  ControlPoint 19
    {
    ColorMapFraction = 0.38
    LeadRGB
      {
      R = 112
      G = 187
      B = 70
      }
    TrailRGB
      {
      R = 112
      G = 187
      B = 70
      }
    }
  ControlPoint 20
    {
    ColorMapFraction = 0.40
    LeadRGB
      {
      R = 118
      G = 186
      B = 73
      }
    TrailRGB
      {
      R = 118
      G = 186
      B = 73
      }
    }
  ControlPoint 21
    {
    ColorMapFraction = 0.42
    LeadRGB
      {
      R = 122
      G = 189
      B = 70
      }
    TrailRGB
      {
      R = 122
      G = 189
      B = 70
      }
    }
  ControlPoint 22
    {
    ColorMapFraction = 0.44
    LeadRGB
      {
      R = 126
      G = 193
      B = 67
      }
    TrailRGB
      {
      R = 126
      G = 193
      B = 67
      }
    }
  ControlPoint 23
    {
    ColorMapFraction = 0.46
    LeadRGB
      {
      R = 140
      G = 199
      B = 64
      }
    TrailRGB
      {
      R = 140
      G = 199
      B = 64
      }
    }
  ControlPoint 24
    {
    ColorMapFraction = 0.48
    LeadRGB
      {
      R = 163
      G = 206
      B = 62
      }
    TrailRGB
      {
      R = 163
      G = 206
      B = 62
      }
    }
  ControlPoint 25
    {
    ColorMapFraction = 0.50
    LeadRGB
      {
      R = 187
      G = 213
      B = 57
      }
    TrailRGB
      {
      R = 187
      G = 213
      B = 57
      }
    }
  ControlPoint 26
    {
    ColorMapFraction = 0.52
    LeadRGB
      {
      R = 211
      G = 222
      B = 42
      }
    TrailRGB
      {
      R = 211
      G = 222
      B = 42
      }
    }
  ControlPoint 27
    {
    ColorMapFraction = 0.54
    LeadRGB
      {
      R = 235
      G = 231
      B = 27
      }
    TrailRGB
      {
      R = 235
      G = 231
      B = 27
      }
    }
  ControlPoint 28
    {
    ColorMapFraction = 0.56
    LeadRGB
      {
      R = 241
      G = 218
      B = 22
      }
    TrailRGB
      {
      R = 241
      G = 218
      B = 22
      }
    }
  ControlPoint 29
    {
    ColorMapFraction = 0.58
    LeadRGB
      {
      R = 245
      G = 201
      B = 17
      }
    TrailRGB
      {
      R = 245
      G = 201
      B = 17
      }
    }
  ControlPoint 30
    {
    ColorMapFraction = 0.60
    LeadRGB
      {
      R = 242
      G = 171
      B = 23
      }
    TrailRGB
      {
      R = 242
      G = 171
      B = 23
      }
    }
  ControlPoint 31
    {
    ColorMapFraction = 0.62
    LeadRGB
      {
      R = 237
      G = 133
      B = 36
      }
    TrailRGB
      {
      R = 237
      G = 133
      B = 36
      }
    }
  ControlPoint 32
    {
    ColorMapFraction = 0.64
    LeadRGB
      {
      R = 234
      G = 98
      B = 44
      }
    TrailRGB
      {
      R = 234
      G = 98
      B = 44
      }
    }
  ControlPoint 33
    {
    ColorMapFraction = 0.66
    LeadRGB
      {
      R = 236
      G = 70
      B = 40
      }
    TrailRGB
      {
      R = 236
      G = 70
      B = 40
      }
    }
  ControlPoint 34
    {
    ColorMapFraction = 0.68
    LeadRGB
      {
      R = 239
      G = 42
      B = 36
      }
    TrailRGB
      {
      R = 239
      G = 42
      B = 36
      }
    }
  ControlPoint 35
    {
    ColorMapFraction = 0.70
    LeadRGB
      {
      R = 238
      G = 36
      B = 40
      }
    TrailRGB
      {
      R = 238
      G = 36
      B = 40
      }
    }
  ControlPoint 36
    {
    ColorMapFraction = 0.72
    LeadRGB
      {
      R = 237
      G = 31
      B = 44
      }
    TrailRGB
      {
      R = 237
      G = 31
      B = 44
      }
    }
  ControlPoint 37
    {
    ColorMapFraction = 0.74
    LeadRGB
      {
      R = 238
      G = 26
      B = 68
      }
    TrailRGB
      {
      R = 238
      G = 26
      B = 68
      }
    }
  ControlPoint 38
    {
    ColorMapFraction = 0.76
    LeadRGB
      {
      R = 239
      G = 21
      B = 101
      }
    TrailRGB
      {
      R = 239
      G = 21
      B = 101
      }
    }
  ControlPoint 39
    {
    ColorMapFraction = 0.78
    LeadRGB
      {
      R = 238
      G = 25
      B = 125
      }
    TrailRGB
      {
      R = 238
      G = 25
      B = 125
      }
    }
  ControlPoint 40
    {
    ColorMapFraction = 0.80
    LeadRGB
      {
      R = 233
      G = 39
      B = 137
      }
    TrailRGB
      {
      R = 233
      G = 39
      B = 137
      }
    }
  ControlPoint 41
    {
    ColorMapFraction = 0.82
    LeadRGB
      {
      R = 226
      G = 53
      B = 149
      }
    TrailRGB
      {
      R = 226
      G = 53
      B = 149
      }
    }
  ControlPoint 42
    {
    ColorMapFraction = 0.84
    LeadRGB
      {
      R = 206
      G = 68
      B = 154
      }
    TrailRGB
      {
      R = 206
      G = 68
      B = 154
      }
    }
  ControlPoint 43
    {
    ColorMapFraction = 0.86
    LeadRGB
      {
      R = 185
      G = 83
      B = 159
      }
    TrailRGB
      {
      R = 185
      G = 83
      B = 159
      }
    }
  ControlPoint 44
    {
    ColorMapFraction = 0.88
    LeadRGB
      {
      R = 185
      G = 94
      B = 164
      }
    TrailRGB
      {
      R = 185
      G = 94
      B = 164
      }
    }
  ControlPoint 45
    {
    ColorMapFraction = 0.90
    LeadRGB
      {
      R = 190
      G = 104
      B = 169
      }
    TrailRGB
      {
      R = 190
      G = 104
      B = 169
      }
    }
  ControlPoint 46
    {
    ColorMapFraction = 0.92
    LeadRGB
      {
      R = 201
      G = 125
      B = 181
      }
    TrailRGB
      {
      R = 201
      G = 125
      B = 181
      }
    }
  ControlPoint 47
    {
    ColorMapFraction = 0.94
    LeadRGB
      {
      R = 219
      G = 159
      B = 200
      }
    TrailRGB
      {
      R = 219
      G = 159
      B = 200
      }
    }
  ControlPoint 48
    {
    ColorMapFraction = 0.96
    LeadRGB
      {
      R = 234
      G = 191
      B = 218
      }
    TrailRGB
      {
      R = 234
      G = 191
      B = 218
      }
    }
  ControlPoint 49
    {
    ColorMapFraction = 0.98
    LeadRGB
      {
      R = 244
      G = 221
      B = 235
      }
    TrailRGB
      {
      R = 244
      G = 221
      B = 235
      }
    }
  ControlPoint 50
    {
    ColorMapFraction = 1.00
    LeadRGB
      {
      R = 253
      G = 249
      B = 251
      }
    TrailRGB
      {
      R = 253
      G = 249
      B = 251
      }
    }
